test_chinese_destructive_dialog_keeps_reject_as_default (tests.test_chinese_ui.ChineseDesktopTests.test_chinese_destructive_dialog_keeps_reject_as_default) ... qt.qpa.fonts: Populating font family aliases took 67 ms. Replace uses of missing font family "Sans Serif" with one that exists to avoid this cost. 
ok
test_core_actions_navigation_and_small_window_are_chinese (tests.test_chinese_ui.ChineseDesktopTests.test_core_actions_navigation_and_small_window_are_chinese) ... This plugin does not support propagateSizeHints()
ok
test_model_labels_do_not_change_scientific_identifiers (tests.test_chinese_ui.ChineseDesktopTests.test_model_labels_do_not_change_scientific_identifiers) ... ok
test_navigation_respects_busy_gate_and_export_headers_stay_canonical (tests.test_chinese_ui.ChineseDesktopTests.test_navigation_respects_busy_gate_and_export_headers_stay_canonical) ... ok
test_translated_pages_keep_canonical_persistence_and_routes (tests.test_chinese_ui.ChineseDesktopTests.test_translated_pages_keep_canonical_persistence_and_routes) ... ok
test_accept_invalidates_once_and_preserves_runs (tests.test_ui_main_window.ConfigResultProtectionTests.test_accept_invalidates_once_and_preserves_runs) ... ok
test_config_change_reject_keeps_unapplied_drafts (tests.test_ui_main_window.ConfigResultProtectionTests.test_config_change_reject_keeps_unapplied_drafts) ... ok
test_config_change_reject_preserves_state_for_every_entry (tests.test_ui_main_window.ConfigResultProtectionTests.test_config_change_reject_preserves_state_for_every_entry) ... ok
test_cross_editor_change_applies_only_after_both_replacement_approvals (tests.test_ui_main_window.ConfigResultProtectionTests.test_cross_editor_change_applies_only_after_both_replacement_approvals) ... ok
test_cross_editor_changes_do_not_silently_replace_pipeline_json_draft (tests.test_ui_main_window.ConfigResultProtectionTests.test_cross_editor_changes_do_not_silently_replace_pipeline_json_draft) ... ok
test_editor_draft_discard_is_not_committed_before_result_replacement_approval (tests.test_ui_main_window.ConfigResultProtectionTests.test_editor_draft_discard_is_not_committed_before_result_replacement_approval) ... ok
test_json_apply_protects_roi_and_calibration_drafts (tests.test_ui_main_window.ConfigResultProtectionTests.test_json_apply_protects_roi_and_calibration_drafts) ... ok
test_json_discard_approval_is_not_committed_before_result_replacement_approval (tests.test_ui_main_window.ConfigResultProtectionTests.test_json_discard_approval_is_not_committed_before_result_replacement_approval) ... ok
test_json_noop_apply_ends_draft_state (tests.test_ui_main_window.ConfigResultProtectionTests.test_json_noop_apply_ends_draft_state) ... ok
test_marker_candidates_reject_restores_controls_and_confirms_once (tests.test_ui_main_window.ConfigResultProtectionTests.test_marker_candidates_reject_restores_controls_and_confirms_once) ... ok
test_marker_color_reject_preserves_model_metadata_and_results (tests.test_ui_main_window.ConfigResultProtectionTests.test_marker_color_reject_preserves_model_metadata_and_results) ... ok
test_marker_reject_restores_control_value_and_confirms_once (tests.test_ui_main_window.ConfigResultProtectionTests.test_marker_reject_restores_control_value_and_confirms_once) ... ok
test_marker_spins_disable_keyboard_tracking (tests.test_ui_main_window.ConfigResultProtectionTests.test_marker_spins_disable_keyboard_tracking) ... ok
test_noop_change_does_not_prompt_or_invalidate (tests.test_ui_main_window.ConfigResultProtectionTests.test_noop_change_does_not_prompt_or_invalidate) ... ok
test_noop_roi_does_not_prompt_or_replace_pipeline_json_draft (tests.test_ui_main_window.ConfigResultProtectionTests.test_noop_roi_does_not_prompt_or_replace_pipeline_json_draft) ... ok
test_preset_accept_clears_edits_and_preserves_runs (tests.test_ui_main_window.ConfigResultProtectionTests.test_preset_accept_clears_edits_and_preserves_runs) ... ok
test_preset_accept_discard_then_reject_results_keeps_draft (tests.test_ui_main_window.ConfigResultProtectionTests.test_preset_accept_discard_then_reject_results_keeps_draft) ... ok
test_preset_accept_edit_only_clears_edits_and_preserves_runs (tests.test_ui_main_window.ConfigResultProtectionTests.test_preset_accept_edit_only_clears_edits_and_preserves_runs) ... ok
test_preset_change_restores_the_previous_signal_block_state (tests.test_ui_main_window.ConfigResultProtectionTests.test_preset_change_restores_the_previous_signal_block_state) ... ok
test_preset_change_with_draft_reject_keeps_draft_pipeline_and_combo (tests.test_ui_main_window.ConfigResultProtectionTests.test_preset_change_with_draft_reject_keeps_draft_pipeline_and_combo) ... ok
test_preset_reject_results_keeps_pipeline_and_combo (tests.test_ui_main_window.ConfigResultProtectionTests.test_preset_reject_results_keeps_pipeline_and_combo) ... ok
test_protection_triggers_for_result_edit_outcome_but_not_empty (tests.test_ui_main_window.ConfigResultProtectionTests.test_protection_triggers_for_result_edit_outcome_but_not_empty) ... ok
test_roi_and_calibration_changes_protect_the_other_editor_draft (tests.test_ui_main_window.ConfigResultProtectionTests.test_roi_and_calibration_changes_protect_the_other_editor_draft) ... ok
test_roi_geometry_cancel_keeps_draft_without_error (tests.test_ui_main_window.ConfigResultProtectionTests.test_roi_geometry_cancel_keeps_draft_without_error) ... ok
test_roi_geometry_real_apply_failure_still_shows_error (tests.test_ui_main_window.ConfigResultProtectionTests.test_roi_geometry_real_apply_failure_still_shows_error) ... ok

----------------------------------------------------------------------
Ran 30 tests in 3.404s

OK
